{
  "work": [
    {
      "id": "31820",
      "exif": {
        "model": "NIKON D80",
        "make": "NIKON CORPORATION"
      },
      "images": [
        {
          "type": "small",
          "image": "http://ih1.redbubble.net/work.31820.1.flat,135x135,075,f.jpg"
        },
        {
          "type": "medium",
          "image": "http://ih1.redbubble.net/work.31820.1.flat,300x300,075,f.jpg"
        },
        {
          "type": "large",
          "image": "http://ih1.redbubble.net/work.31820.1.flat,550x550,075,f.jpg"
        }
      ]
    },
    {
      "id": "2041",
      "exif": {
        "model": "Canon EOS 20D",
        "make": "Canon"
      },
      "images": [
        {
          "type": "small",
          "image": "http://ih1.redbubble.net/work.2041.1.flat,135x135,075,f.jpg"
        },
        {
          "type": "medium",
          "image": "http://ih1.redbubble.net/work.2041.1.flat,300x300,075,f.jpg"
        },
        {
          "type": "large",
          "image": "http://ih1.redbubble.net/work.2041.1.flat,550x550,075,f.jpg"
        }
      ]
    },
    {
      "id": "240509",
      "exif": {
        "model": "FinePix S6500fd",
        "make": "FUJIFILM"
      },
      "images": [
        {
          "type": "small",
          "image": "http://ih1.redbubble.net/work.240509.1.flat,135x135,075,f.jpg"
        },
        {
          "type": "medium",
          "image": "http://ih1.redbubble.net/work.240509.1.flat,300x300,075,f.jpg"
        },
        {
          "type": "large",
          "image": "http://ih1.redbubble.net/work.240509.1.flat,550x550,075,f.jpg"
        }
      ]
    },
    {
      "id": "26583",
      "exif": {
        "model": null,
        "make": null
      },
      "images": [
        {
          "type": "small",
          "image": "http://ih1.redbubble.net/work.26583.1.flat,135x135,075,f.jpg"
        },
        {
          "type": "medium",
          "image": "http://ih1.redbubble.net/work.26583.1.flat,300x300,075,f.jpg"
        },
        {
          "type": "large",
          "image": "http://ih1.redbubble.net/work.26583.1.flat,550x550,075,f.jpg"
        }
      ]
    },
    {
      "id": "2729606",
      "exif": {
        "model": "D-LUX 3",
        "make": "LEICA"
      },
      "images": [
        {
          "type": "small",
          "image": "http://ih1.redbubble.net/work.2729606.1.flat,135x135,075,f.jpg"
        },
        {
          "type": "medium",
          "image": "http://ih1.redbubble.net/work.2729606.1.flat,300x300,075,f.jpg"
        },
        {
          "type": "large",
          "image": "http://ih1.redbubble.net/work.2729606.1.flat,550x550,075,f.jpg"
        }
      ]
    }
  ]
}